[demos.codexcoder.com/labartisan/html/nft/enftomark/index-3.html]
[backblue.gif]
[fade.gif]
[index.html]
[demos.codexcoder.com/labartisan/html/nft/enftomark/assets/images/favicon.png]
[demos.codexcoder.com/labartisan/html/nft/enftomark/assets/css/bootstrap.min.css]
[demos.codexcoder.com/labartisan/html/nft/enftomark/assets/css/icofont.min.css]
[demos.codexcoder.com/labartisan/html/nft/enftomark/assets/css/lightcase.css]
[demos.codexcoder.com/labartisan/html/nft/enftomark/assets/css/animate.css]
[demos.codexcoder.com/labartisan/html/nft/enftomark/assets/css/swiper-bundle.min.css]
[demos.codexcoder.com/labartisan/html/nft/enftomark/assets/css/style.min.css]
[demos.codexcoder.com/labartisan/html/nft/enftomark/index.html]
[demos.codexcoder.com/labartisan/html/nft/enftomark/assets/images/logo/logo.png]
[demos.codexcoder.com/labartisan/html/nft/enftomark/index-2.html]
[demos.codexcoder.com/labartisan/html/nft/enftomark/index-4.html]
[demos.codexcoder.com/labartisan/html/nft/enftomark/explore.html]
[demos.codexcoder.com/labartisan/html/nft/enftomark/auction.html]
[demos.codexcoder.com/labartisan/html/nft/enftomark/activity.html]
[demos.codexcoder.com/labartisan/html/nft/enftomark/blog.html]
[demos.codexcoder.com/labartisan/html/nft/enftomark/blog-2.html]
[demos.codexcoder.com/labartisan/html/nft/enftomark/blog-3.html]
[demos.codexcoder.com/labartisan/html/nft/enftomark/blog-single.html]
[demos.codexcoder.com/labartisan/html/nft/enftomark/blog-single-2.html]
[demos.codexcoder.com/labartisan/html/nft/enftomark/item-details.html]
[demos.codexcoder.com/labartisan/html/nft/enftomark/all-authors.html]
[demos.codexcoder.com/labartisan/html/nft/enftomark/all-authors-2.html]
[demos.codexcoder.com/labartisan/html/nft/enftomark/author.html]
[demos.codexcoder.com/labartisan/html/nft/enftomark/wallet.html]
[demos.codexcoder.com/labartisan/html/nft/enftomark/404.html]
[demos.codexcoder.com/labartisan/html/nft/enftomark/forgot-pass.html]
[demos.codexcoder.com/labartisan/html/nft/enftomark/contact.html]
[demos.codexcoder.com/labartisan/html/nft/enftomark/coming-soon.html]
[demos.codexcoder.com/labartisan/html/nft/enftomark/signup.html]
[demos.codexcoder.com/labartisan/html/nft/enftomark/signin.html]
[demos.codexcoder.com/labartisan/html/nft/enftomark/assets/images/banner/bg-3.jpg]
[demos.codexcoder.com/labartisan/html/nft/enftomark/assets/images/seller/04.png]
[demos.codexcoder.com/labartisan/html/nft/enftomark/assets/images/banner/01.gif]
[demos.codexcoder.com/labartisan/html/nft/enftomark/assets/images/banner/01.png]
[demos.codexcoder.com/labartisan/html/nft/enftomark/assets/images/banner/02.gif]
[demos.codexcoder.com/labartisan/html/nft/enftomark/assets/images/seller/03.png]
[demos.codexcoder.com/labartisan/html/nft/enftomark/assets/images/banner/04.jpg]
[demos.codexcoder.com/labartisan/html/nft/enftomark/assets/images/nft-item/category/01.jpg]
[demos.codexcoder.com/labartisan/html/nft/enftomark/assets/images/nft-item/category/02.jpg]
[demos.codexcoder.com/labartisan/html/nft/enftomark/assets/images/nft-item/category/03.jpg]
[demos.codexcoder.com/labartisan/html/nft/enftomark/assets/images/nft-item/category/04.jpg]
[demos.codexcoder.com/labartisan/html/nft/enftomark/assets/images/nft-item/category/05.jpg]
[demos.codexcoder.com/labartisan/html/nft/enftomark/assets/images/nft-item/category/06.jpg]
[demos.codexcoder.com/labartisan/html/nft/enftomark/assets/images/nft-item/category/07.jpg]
[demos.codexcoder.com/labartisan/html/nft/enftomark/assets/images/nft-item/category/08.jpg]
[demos.codexcoder.com/labartisan/html/nft/enftomark/assets/images/nft-item/category/09.jpg]
[demos.codexcoder.com/labartisan/html/nft/enftomark/assets/images/nft-item/category/10.jpg]
[demos.codexcoder.com/labartisan/html/nft/enftomark/assets/images/nft-item/category/11.jpg]
[demos.codexcoder.com/labartisan/html/nft/enftomark/assets/images/nft-item/category/12.jpg]
[demos.codexcoder.com/labartisan/html/nft/enftomark/assets/images/nft-item/category/13.jpg]
[demos.codexcoder.com/labartisan/html/nft/enftomark/assets/images/nft-item/category/14.jpg]
[demos.codexcoder.com/labartisan/html/nft/enftomark/assets/images/nft-item/category/15.jpg]
[demos.codexcoder.com/labartisan/html/nft/enftomark/assets/images/nft-item/category/16.jpg]
[demos.codexcoder.com/labartisan/html/nft/enftomark/assets/images/nft-item/category/17.jpg]
[demos.codexcoder.com/labartisan/html/nft/enftomark/assets/images/nft-item/category/18.jpg]
[demos.codexcoder.com/labartisan/html/nft/enftomark/assets/images/seller/01.png]
[demos.codexcoder.com/labartisan/html/nft/enftomark/assets/images/seller/01.gif]
[demos.codexcoder.com/labartisan/html/nft/enftomark/assets/images/nft-item/04.gif]
[demos.codexcoder.com/labartisan/html/nft/enftomark/assets/images/seller/02.gif]
[demos.codexcoder.com/labartisan/html/nft/enftomark/assets/images/seller/02.png]
[demos.codexcoder.com/labartisan/html/nft/enftomark/assets/images/nft-item/03.jpg]
[demos.codexcoder.com/labartisan/html/nft/enftomark/assets/images/nft-item/04.jpg]
[demos.codexcoder.com/labartisan/html/nft/enftomark/assets/images/seller/05.png]
[demos.codexcoder.com/labartisan/html/nft/enftomark/assets/images/seller/04.gif]
[demos.codexcoder.com/labartisan/html/nft/enftomark/assets/images/nft-item/05.gif]
[demos.codexcoder.com/labartisan/html/nft/enftomark/assets/images/nft-item/style-2/01.jpg]
[demos.codexcoder.com/labartisan/html/nft/enftomark/assets/images/nft-item/style-2/02.jpg]
[demos.codexcoder.com/labartisan/html/nft/enftomark/assets/images/nft-item/style-2/03.jpg]
[demos.codexcoder.com/labartisan/html/nft/enftomark/assets/images/nft-item/style-2/04.jpg]
[demos.codexcoder.com/labartisan/html/nft/enftomark/assets/images/seller/05.gif]
[demos.codexcoder.com/labartisan/html/nft/enftomark/assets/images/nft-item/style-2/05.jpg]
[demos.codexcoder.com/labartisan/html/nft/enftomark/assets/images/nft-item/style-2/06.jpg]
[demos.codexcoder.com/labartisan/html/nft/enftomark/assets/images/seller/07.gif]
[demos.codexcoder.com/labartisan/html/nft/enftomark/assets/images/nft-item/style-2/07.jpg]
[demos.codexcoder.com/labartisan/html/nft/enftomark/assets/images/nft-item/style-2/08.jpg]
[demos.codexcoder.com/labartisan/html/nft/enftomark/assets/images/nft-item/01.gif]
[demos.codexcoder.com/labartisan/html/nft/enftomark/assets/images/nft-item/02.jpg]
[demos.codexcoder.com/labartisan/html/nft/enftomark/assets/images/seller/06.png]
[demos.codexcoder.com/labartisan/html/nft/enftomark/assets/images/nft-item/06.gif]
[demos.codexcoder.com/labartisan/html/nft/enftomark/assets/images/seller/09.png]
[demos.codexcoder.com/labartisan/html/nft/enftomark/assets/images/nft-item/09.jpg]
[demos.codexcoder.com/labartisan/html/nft/enftomark/assets/images/nft-item/06.jpg]
[demos.codexcoder.com/labartisan/html/nft/enftomark/assets/images/seller/08.gif]
[demos.codexcoder.com/labartisan/html/nft/enftomark/assets/images/seller/11.png]
[demos.codexcoder.com/labartisan/html/nft/enftomark/assets/images/seller/07.png]
[demos.codexcoder.com/labartisan/html/nft/enftomark/assets/images/nft-item/08.jpg]
[demos.codexcoder.com/labartisan/html/nft/enftomark/assets/images/nft-item/blog/02.jpg]
[demos.codexcoder.com/labartisan/html/nft/enftomark/assets/images/nft-item/blog/03.jpg]
[demos.codexcoder.com/labartisan/html/nft/enftomark/assets/images/nft-item/blog/01.jpg]
[demos.codexcoder.com/labartisan/html/nft/enftomark/assets/images/footer/bg-3.jpg]
[demos.codexcoder.com/labartisan/html/nft/enftomark/assets/js/jquery-3.6.0.min.js]
[demos.codexcoder.com/labartisan/html/nft/enftomark/assets/js/bootstrap.bundle.min.js]
[demos.codexcoder.com/labartisan/html/nft/enftomark/assets/js/waypoints.min.js]
[demos.codexcoder.com/labartisan/html/nft/enftomark/assets/js/lightcase.js]
[demos.codexcoder.com/labartisan/html/nft/enftomark/assets/js/swiper-bundle.min.js]
[demos.codexcoder.com/labartisan/html/nft/enftomark/assets/js/countdown.min.js]
[demos.codexcoder.com/labartisan/html/nft/enftomark/assets/js/jquery.counterup.min.js]
[demos.codexcoder.com/labartisan/html/nft/enftomark/assets/js/wow.min.js]
[demos.codexcoder.com/labartisan/html/nft/enftomark/assets/js/isotope.pkgd.min.js]
[demos.codexcoder.com/labartisan/html/nft/enftomark/index-3.html]
[demos.codexcoder.com/labartisan/html/nft/enftomark/assets/css/bootstrap.min.css]
[demos.codexcoder.com/labartisan/html/nft/enftomark/assets/js/functions.js]
[demos.codexcoder.com/labartisan/html/nft/enftomark/assets/css/fonts/icofont.woff2]
[demos.codexcoder.com/labartisan/html/nft/enftomark/assets/css/fonts/icofont.woff]
[demos.codexcoder.com/labartisan/html/nft/enftomark/assets/css/icofont.min.css]
[demos.codexcoder.com/labartisan/html/nft/enftomark/assets/fonts/lightcaseeead.eot]
[demos.codexcoder.com/labartisan/html/nft/enftomark/assets/fonts/lightcaseeead.woff]
[demos.codexcoder.com/labartisan/html/nft/enftomark/assets/fonts/lightcaseeead.ttf]
[demos.codexcoder.com/labartisan/html/nft/enftomark/assets/css/lightcase.css]
[demos.codexcoder.com/labartisan/html/nft/enftomark/assets/css/animate.css]
[demos.codexcoder.com/labartisan/html/nft/enftomark/assets/css/swiper-bundle.min.css]
[demos.codexcoder.com/labartisan/html/nft/enftomark/assets/fonts/lightcaseeead.svg]
[demos.codexcoder.com/labartisan/html/nft/enftomark/assets/images/blog/icon/b-code.png]
[demos.codexcoder.com/labartisan/html/nft/enftomark/assets/css/style.min.css]
[demos.codexcoder.com/labartisan/html/nft/enftomark/assets/images/logo/logo-3.png]
[demos.codexcoder.com/labartisan/html/nft/enftomark/assets/images/banner/bg-4.jpg]
[demos.codexcoder.com/labartisan/html/nft/enftomark/assets/images/banner/06.jpg]
[demos.codexcoder.com/labartisan/html/nft/enftomark/assets/images/banner/05.jpg]
[demos.codexcoder.com/labartisan/html/nft/enftomark/assets/images/wallet/06.png]
[demos.codexcoder.com/labartisan/html/nft/enftomark/assets/images/wallet/07.png]
[demos.codexcoder.com/labartisan/html/nft/enftomark/assets/images/wallet/08.png]
[demos.codexcoder.com/labartisan/html/nft/enftomark/assets/images/wallet/01.png]
[demos.codexcoder.com/labartisan/html/nft/enftomark/assets/images/wallet/03.png]
[demos.codexcoder.com/labartisan/html/nft/enftomark/assets/images/wallet/05.png]
[demos.codexcoder.com/labartisan/html/nft/enftomark/assets/images/footer/bg-4.jpg]
[demos.codexcoder.com/labartisan/html/nft/enftomark/index.html]
[demos.codexcoder.com/labartisan/html/nft/enftomark/assets/images/logo/logo-4.png]
[demos.codexcoder.com/labartisan/html/nft/enftomark/assets/images/banner/bg.jpg]
[demos.codexcoder.com/labartisan/html/nft/enftomark/assets/images/footer/bg-2.jpg]
[demos.codexcoder.com/labartisan/html/nft/enftomark/index-2.html]
[demos.codexcoder.com/labartisan/html/nft/enftomark/assets/images/banner/banner-img.png]
[demos.codexcoder.com/labartisan/html/nft/enftomark/assets/images/nft-item/03.gif]
[demos.codexcoder.com/labartisan/html/nft/enftomark/assets/images/nft-item/02.gif]
[demos.codexcoder.com/labartisan/html/nft/enftomark/assets/images/seller/03.gif]
[demos.codexcoder.com/labartisan/html/nft/enftomark/assets/images/seller/10.gif]
[demos.codexcoder.com/labartisan/html/nft/enftomark/assets/images/nft-item/07.jpg]
[demos.codexcoder.com/labartisan/html/nft/enftomark/assets/images/nft-item/05.jpg]
[demos.codexcoder.com/labartisan/html/nft/enftomark/assets/images/nft-item/style-3/01.png]
[demos.codexcoder.com/labartisan/html/nft/enftomark/assets/images/nft-item/style-3/02.png]
[demos.codexcoder.com/labartisan/html/nft/enftomark/assets/images/nft-item/style-3/03.png]
[demos.codexcoder.com/labartisan/html/nft/enftomark/assets/images/nft-item/style-3/04.png]
[demos.codexcoder.com/labartisan/html/nft/enftomark/assets/images/sponsor/01.png]
[demos.codexcoder.com/labartisan/html/nft/enftomark/assets/images/sponsor/02.png]
[demos.codexcoder.com/labartisan/html/nft/enftomark/assets/images/sponsor/03.png]
[demos.codexcoder.com/labartisan/html/nft/enftomark/assets/images/sponsor/04.png]
[demos.codexcoder.com/labartisan/html/nft/enftomark/assets/images/sponsor/05.png]
[demos.codexcoder.com/labartisan/html/nft/enftomark/assets/images/sponsor/06.png]
[demos.codexcoder.com/labartisan/html/nft/enftomark/assets/images/footer/bg.jpg]
[demos.codexcoder.com/labartisan/html/nft/enftomark/index-4.html]
[demos.codexcoder.com/labartisan/html/nft/enftomark/assets/images/nft-item/01.jpg]
[demos.codexcoder.com/labartisan/html/nft/enftomark/explore.html]
[demos.codexcoder.com/labartisan/html/nft/enftomark/auction.html]
[demos.codexcoder.com/labartisan/html/nft/enftomark/assets/images/activity/01.gif]
[demos.codexcoder.com/labartisan/html/nft/enftomark/nft-single.html]
[demos.codexcoder.com/labartisan/html/nft/enftomark/assets/images/activity/02.gif]
[demos.codexcoder.com/labartisan/html/nft/enftomark/assets/images/activity/04.gif]
[demos.codexcoder.com/labartisan/html/nft/enftomark/assets/images/activity/05.gif]
[demos.codexcoder.com/labartisan/html/nft/enftomark/assets/images/activity/03.gif]
[demos.codexcoder.com/labartisan/html/nft/enftomark/activity.html]
[demos.codexcoder.com/labartisan/html/nft/enftomark/assets/images/blog/01.gif]
[demos.codexcoder.com/labartisan/html/nft/enftomark/assets/images/blog/03.jpg]
[demos.codexcoder.com/labartisan/html/nft/enftomark/assets/images/blog/02.jpg]
[demos.codexcoder.com/labartisan/html/nft/enftomark/assets/images/blog/04.jpg]
[demos.codexcoder.com/labartisan/html/nft/enftomark/assets/images/blog/01.jpg]
[demos.codexcoder.com/labartisan/html/nft/enftomark/blog.html]
[demos.codexcoder.com/labartisan/html/nft/enftomark/assets/images/nft-item/blog/04.jpg]
[demos.codexcoder.com/labartisan/html/nft/enftomark/assets/images/nft-item/blog/05.jpg]
[demos.codexcoder.com/labartisan/html/nft/enftomark/assets/images/nft-item/blog/06.jpg]
[demos.codexcoder.com/labartisan/html/nft/enftomark/assets/images/nft-item/blog/07.jpg]
[demos.codexcoder.com/labartisan/html/nft/enftomark/assets/images/nft-item/blog/08.jpg]
[demos.codexcoder.com/labartisan/html/nft/enftomark/assets/images/nft-item/blog/09.jpg]
[demos.codexcoder.com/labartisan/html/nft/enftomark/assets/images/nft-item/blog/10.jpg]
[demos.codexcoder.com/labartisan/html/nft/enftomark/assets/images/nft-item/blog/11.jpg]
[demos.codexcoder.com/labartisan/html/nft/enftomark/assets/images/nft-item/blog/12.jpg]
[demos.codexcoder.com/labartisan/html/nft/enftomark/blog-2.html]
[demos.codexcoder.com/labartisan/html/nft/enftomark/blog-3.html]
[demos.codexcoder.com/labartisan/html/nft/enftomark/blog-single.html]
[demos.codexcoder.com/labartisan/html/nft/enftomark/blog-single-2.html]
[demos.codexcoder.com/labartisan/html/nft/enftomark/assets/images/nft-item/item-details.gif]
[demos.codexcoder.com/labartisan/html/nft/enftomark/item-details.html]
[demos.codexcoder.com/labartisan/html/nft/enftomark/all-authors.html]
[demos.codexcoder.com/labartisan/html/nft/enftomark/assets/images/nft-item/style-2/09.jpg]
[demos.codexcoder.com/labartisan/html/nft/enftomark/assets/images/nft-item/style-2/10.jpg]
[demos.codexcoder.com/labartisan/html/nft/enftomark/all-authors-2.html]
[demos.codexcoder.com/labartisan/html/nft/enftomark/assets/images/profile/cover.jpg]
[demos.codexcoder.com/labartisan/html/nft/enftomark/assets/images/profile/Profile.jpg]
[demos.codexcoder.com/labartisan/html/nft/enftomark/assets/images/seller/06.gif]
[demos.codexcoder.com/labartisan/html/nft/enftomark/assets/images/seller/08.png]
[demos.codexcoder.com/labartisan/html/nft/enftomark/assets/images/nft-item/10.jpg]
[demos.codexcoder.com/labartisan/html/nft/enftomark/assets/images/nft-item/07.jp]
[demos.codexcoder.com/labartisan/html/nft/enftomark/assets/images/wallet/02.png]
[demos.codexcoder.com/labartisan/html/nft/enftomark/assets/images/wallet/04.png]
[demos.codexcoder.com/labartisan/html/nft/enftomark/author.html]
[demos.codexcoder.com/labartisan/html/nft/enftomark/wallet.html]
[demos.codexcoder.com/labartisan/html/nft/enftomark/404.html]
[demos.codexcoder.com/labartisan/html/nft/enftomark/assets/images/account/01.png]
[demos.codexcoder.com/labartisan/html/nft/enftomark/forgot-pass.html]
[demos.codexcoder.com/labartisan/html/nft/enftomark/assets/images/contact/01.png]
[demos.codexcoder.com/labartisan/html/nft/enftomark/assets/images/contact/02.png]
[demos.codexcoder.com/labartisan/html/nft/enftomark/assets/images/contact/03.png]
[demos.codexcoder.com/labartisan/html/nft/enftomark/assets/images/contact/04.png]
[demos.codexcoder.com/labartisan/html/nft/enftomark/contact.html]
[demos.codexcoder.com/labartisan/html/nft/enftomark/coming-soon.html]
[demos.codexcoder.com/labartisan/html/nft/enftomark/signup.html]
[demos.codexcoder.com/labartisan/html/nft/enftomark/signin.html]
[demos.codexcoder.com/labartisan/html/nft/enftomark/assets/fonts/lightcaseeead.svg]
[demos.codexcoder.com/labartisan/html/nft/enftomark/nft-single.html]
[demos.codexcoder.com/labartisan/html/nft/enftomark/assets/images/nft-item/07.html]
